每个月code freeze之后都要把 release 的  Type 和 Discovered data 导入staging ，然后告诉市场部的Lijun 让他检查。
Lijun 在staging 上检查之后没有问题后，就告诉小青导入CDB， 然后告诉Lijun 让他做mapping。

导出的Type 和 Discvoered data 其实 8.12 和 9.102 的smoke test 都是有自动完成的， 可以查看它们每天做test的crontab log。
以下用手动做一次，可以方便大家理解整个过程。


Prepare Discovered Data:

1. The default one is produced in Smoke Test (192.168.8.12:/home/bdna/automation/log)
   cpuData_latest.dmp.gz -> /home/bdna/automation/log/cpuData_islamabad_20150331_19.dmp.gz
   element_latest.dmp.gz -> /home/bdna/automation/log/element_islamabad_20150331_19.dmp.gz
   hwswData_latest.dmp.gz -> /home/bdna/automation/log/hwswData_islamabad_20150331_19.dmp.gz


2. If the smoke test on that day is not successful, you can manually do a scan and exp the Discovered Data.

   a. export element table with Oracle exp command
      /u01/app/oracle/product/11.2.0/bin/exp vmst9102_bdna_770_20/vmst9102_bdna_770_20@BDNA buffer=10485760 recordlength=65535 feedback=10000 compress=n direct=y tables=element file=element_vmst9102_20150330_test.dmp
      element_vmst9102_20150330_test.dmp

   b. export  Discovered Data ，with Discover Collection Server script DataExtract.sh：
      sh /home/bdna/install770/pso/CDB/DataExtract.sh vmst9102_bdna_770_20 vmst9102_bdna_770_20 BDNA
      cpu_data.dmp  (CPU Discovered Data)
      hwsw_data.dmp  (hardware，software Discvoered Data)

   c. gzip compress the 3 dmp packages.
      gzip -f XXX.dmp (produced :XXX.dmp.gz)

   d. copy 3 zip packages to directiory (/home/bdna/automation/log) of 192.168.8.12 and make soft links. If you don't use 12, you need to change the load script on 8.45. That script connects to 12 at default.
      ln -s -f XXX.dmp.gz softlinkName (eg: ln -s -f XXX.dmp.gz XXX_latest.dmp.gz)


Start to load Discovered Data in Staging CDB:

1. About staging CDB.
   a. Staging is a copy of CDB. Everynight, it synchronizes with CDB.
   b. 192.168.8.45 (prod/content4me)
   c. responsible by Harbor.

2. load data.
   a. cd to /home/prod/backup/loadDiscoverData
   b. execute command: sh Smoke_test_data.sh -m "vivi_liu@bdna.com,MiyaChen@bdna.com,GaryZhou@bdna.com,caceyli@bdna.com"
   c. after finished, check logs:
      /home/prod/backup/smoketest/20150331/Report_Type_Statistics_After_Upload.txt
      /home/prod/backup/smoketest/20150331/Report_New_Discovered_Data_Count.txt
   d. open UI http://192.168.8.45:8000/cdb/login, login with your own cdb user (eg: cacey_cn/bdna4249).
   e. validate the LOADED DATA by comparing the logs result(c) and UI result(d):
      element   --  BDNA Types (CDB UI)
      cpu data  --  CPU Discovered Data  (CDB UI)
      hwsw data --  Discovered Software Data  (CDB UI)

然后通知 Lijun 查看结果，就是Staging UI 上的这些表的数据要和 上面那两个文件的内容相符合。









5. 在 192.168.8.45 这台staging server 导入刚刚三个文件的数据到  Staging 
其实 192.168.8.45 就是 Staging 

登录用户名是 prod  密码是 content4me

以后不知道这台staging 机的用户名和密码， 请咨询Harbor



login as: prod
prod@192.168.8.45's password:
Last login: Mon Mar 30 14:37:00 2015 from sierraleone.bdnacn.com
[prod@stagingcn ~]$
[prod@stagingcn ~]$ ls
20130911_oracleumapped.tar.bz2                  deployment                                           reload-content.sh
addContentUser.sh                               ftpdownload                                          reload-messages.sh
auto_mapping.sh                                 harbor                                               Report_New_Discovered_CPU_Count.txt
backup                                          heng                                                 Report_New_Discovered_Data_Count.txt
backup-logs.sh                                  hs_err_pid29621.log                                  row_count.sql
backup-src.sh                                   hua                                                  run_sql.sh
cdb_new                                         jakarta-tomcat-5.0.28                                sku_data_tmp
cdb_new_archive                                 jakarta-tomcat-5.0.28.zip                            src
cdb_new_bk                                      jdk-6u25-ea-bin-b03-linux-amd64-27_feb_2011-rpm.bin  src_backup
check_empty_rows.sql                            kill_proces.sh                                       ssmtp-2.61-22.1.x86_64.rpm
china_contentdb_backup_datapump_2014.04.30.out  load_cpe.tmp                                         sync_sku_pricing_mapping.tmp
content.2013.07.30.zip                          load_discover                                        tus41_backup_2014_03_18_094613_2330000.bak
content.2014.09.29.datapump.dmp.bz2             logs                                                 upgradeUI.sh
CREATE                                          oracle                                               wu
daily_backup                                    ravi
[prod@stagingcn ~]$
[prod@stagingcn ~]$

[prod@stagingcn ~]$
[prod@stagingcn ~]$
[prod@stagingcn ~]$ cd /home/prod/backup/loadDiscoverData/
[prod@stagingcn loadDiscoverData]$
[prod@stagingcn loadDiscoverData]$
[prod@stagingcn loadDiscoverData]$ pwd
/home/prod/backup/loadDiscoverData
[prod@stagingcn loadDiscoverData]$
[prod@stagingcn loadDiscoverData]$ ls
all_disc.dmp    hwsw3.dmp  LoadBDNAType.sh           LoadDiscoveredData_renametable.sh  Smoke_test_data.sh  test.sh            updateType.sh
cpuLibrary.sql  hwsw.log   LoadDiscoveredCPUData.sh  LoadDiscoveredData.sh              test.log            typeStatistics.sh
[prod@stagingcn loadDiscoverData]$
[prod@stagingcn loadDiscoverData]$
[prod@stagingcn loadDiscoverData]$
[prod@stagingcn loadDiscoverData]$
[prod@stagingcn loadDiscoverData]$ pwd
/home/prod/backup/loadDiscoverData
[prod@stagingcn loadDiscoverData]$
[prod@stagingcn loadDiscoverData]$
[prod@stagingcn loadDiscoverData]$
[prod@stagingcn loadDiscoverData]$
[prod@stagingcn loadDiscoverData]$ ll
total 289744
-rw-r--r-- 1 prod dba 296058880 Dec 17 16:19 all_disc.dmp
-rw-r--r-- 1 prod dba     34928 Dec  5 18:02 cpuLibrary.sql
-rw-r--r-- 1 prod dba    172032 Mar 20 14:07 hwsw3.dmp
-rw-r--r-- 1 prod dba      6315 Jan  8 13:10 hwsw.log
-rwxr-xr-x 1 prod dba      4477 Jan  8 13:28 LoadBDNAType.sh
-rwxr-xr-x 1 prod dba     10446 Jan  8 13:28 LoadDiscoveredCPUData.sh
-rwxr-xr-x 1 prod dba     14240 Mar 25 15:38 LoadDiscoveredData_renametable.sh
-rwxr-xr-x 1 prod dba     13964 Feb  9 16:00 LoadDiscoveredData.sh
-rwxr-xr-x 1 prod dba      5173 Dec 17 18:48 Smoke_test_data.sh
-rw-r--r-- 1 prod dba     32193 Dec 19 17:12 test.log
-rwxrwxrwx 1 prod dba        74 Mar 25 15:43 test.sh
-rwxr-xr-x 1 prod dba      6457 Dec 17 18:48 typeStatistics.sh
-rwxr-xr-x 1 prod dba     13601 Dec 17 18:48 updateType.sh
[prod@stagingcn loadDiscoverData]$
[prod@stagingcn loadDiscoverData]$
[prod@stagingcn loadDiscoverData]$
[prod@stagingcn loadDiscoverData]$
[prod@stagingcn loadDiscoverData]$
[prod@stagingcn loadDiscoverData]$ sh Smoke_test_data.sh
Usage: sh Smoke_test_data.sh -m "watcher-contentdb@bdna.com,watcher-smoketest@bdnacn.com"
[-m] specify the mail that receive the result. (Optional)
[-s] specify smoke test server, default as islamabad (Optional)
[-h] show the help message.
[prod@stagingcn loadDiscoverData]$
[prod@stagingcn loadDiscoverData]$
[prod@stagingcn loadDiscoverData]$ sh Smoke_test_data.sh  -h
Usage: sh Smoke_test_data.sh -m "watcher-contentdb@bdna.com,watcher-smoketest@bdnacn.com"
[-m] specify the mail that receive the result. (Optional)
[-s] specify smoke test server, default as islamabad (Optional)
[-h] show the help message.
[prod@stagingcn loadDiscoverData]$
[prod@stagingcn loadDiscoverData]$
[prod@stagingcn loadDiscoverData]$
[prod@stagingcn loadDiscoverData]$ sh Smoke_test_data.sh -m "vivi_liu@bdna.com,MiyaChen@bdna.com,GaryZhou@bdna.com,caceyli@bdna.com"
[Tue Mar 31 15:10:45 HKT 2015] Release no is 2015-05
[Tue Mar 31 15:10:45 HKT 2015] Discover source is BDNA2015-05 20150331
[Tue Mar 31 15:10:45 HKT 2015] Archive direcory is /home/prod/backup/smoketest/20150331
[Tue Mar 31 15:10:45 HKT 2015] starting get files from SmokeTest server..
cpuData_latest.dmp.gz                                                                                                       100% 1096     1.1KB/s   00:00
hwswData_latest.dmp.gz                                                                                                      100%   27KB  27.1KB/s   00:00
element_latest.dmp.gz                                                                                                       100%  565KB 564.5KB/s   00:00
[Tue Mar 31 15:10:58 HKT 2015] Removing Old Directory and files
[Tue Mar 31 15:10:58 HKT 2015] Uncompressing files /home/prod/backup/smoketest/20150331/element_latest.dmp.gz.
[Tue Mar 31 15:10:58 HKT 2015] Uncompressing files /home/prod/backup/smoketest/20150331/hwswData_latest.dmp.gz.
[Tue Mar 31 15:10:58 HKT 2015] Uncompressing files /home/prod/backup/smoketest/20150331/cpuData_latest.dmp.gz.
[Tue Mar 31 15:10:58 HKT 2015] start loading new Discover Data and Element Type, Source Name was: BDNA2015-05 20150331,  Element Type was: 2015-05
[Tue Mar 31 15:10:58 HKT 2015] Loading element data.
Release number: 2015-05
Element Data Dump file: /home/prod/backup/smoketest/20150331/element_latest.dmp
######################## Save existing type data ########################################

SQL*Plus: Release 11.2.0.2.0 Production on Tue Mar 31 15:11:01 2015

Copyright (c) 1982, 2010, Oracle.  All rights reserved.


Connected to:
Oracle Database 11g Enterprise Edition Release 11.2.0.2.0 - 64bit Production
With the Partitioning, OLAP, Data Mining and Real Application Testing options

SQL> SQL> SQL> SQL> create table cdb_archive.DISCTYPES_20150331 as select * from DISCTYPES
                         *
ERROR at line 1:
ORA-00955: name is already used by an existing object


SQL> create table cdb_archive.ELEMENT_20150331 as select * from cdb_archive.ELEMENT
                         *
ERROR at line 1:
ORA-00955: name is already used by an existing object


SQL>
Table dropped.

SQL> SQL> Disconnected from Oracle Database 11g Enterprise Edition Release 11.2.0.2.0 - 64bit Production
With the Partitioning, OLAP, Data Mining and Real Application Testing options
######################## UPLOAD New Type DATA ########################################

Import: Release 11.2.0.2.0 - Production on Tue Mar 31 15:11:03 2015

Copyright (c) 1982, 2009, Oracle and/or its affiliates.  All rights reserved.


Connected to: Oracle Database 11g Enterprise Edition Release 11.2.0.2.0 - 64bit Production
With the Partitioning, OLAP, Data Mining and Real Application Testing options

Export file created by EXPORT:V11.02.00 via direct path

Warning: the objects were exported by VMST9102_BDNA_770_20, not by you

import done in AL32UTF8 character set and AL16UTF16 NCHAR character set
. importing VMST9102_BDNA_770_20's objects into CDB_ARCHIVE
. . importing table                      "ELEMENT"      19767 rows imported
IMP-00017: following statement failed with ORACLE error 942:
 "ALTER TABLE "ELEMENT" ADD CONSTRAINT "FK1ELEMENT" FOREIGN KEY ("MODULE_ID")"
 " REFERENCES "MODULE" ("MODULE_ID") ENABLE NOVALIDATE"
IMP-00003: ORACLE error 942 encountered
ORA-00942: table or view does not exist
About to enable constraints...
IMP-00017: following statement failed with ORACLE error 2430:
 "ALTER TABLE "ELEMENT" ENABLE CONSTRAINT "FK1ELEMENT""
Import terminated successfully with warnings.
######################## TYPE STATISTICS BEFORE REFRESHING ########################
Report Dir: /home/prod/backup/smoketest/20150331
######################## Adding New Element Type ########################################

SQL*Plus: Release 11.2.0.2.0 Production on Tue Mar 31 15:11:13 2015

Copyright (c) 1982, 2010, Oracle.  All rights reserved.


Connected to:
Oracle Database 11g Enterprise Edition Release 11.2.0.2.0 - 64bit Production
With the Partitioning, OLAP, Data Mining and Real Application Testing options

SQL>   2    3    4    5    6    7    8    9   10   11   12   13   14   15   16   17   18   19   20
0 rows created.

SQL>
Commit complete.

SQL> SQL> Disconnected from Oracle Database 11g Enterprise Edition Release 11.2.0.2.0 - 64bit Production
With the Partitioning, OLAP, Data Mining and Real Application Testing options
######################## TYPE STATISTICS AFTER REFRESHING ########################
Report Dir: /home/prod/backup/smoketest/20150331
######################## Refresh type table ########################################
Update element type from release: 2015-05
Report Dir: /home/prod/backup/smoketest/20150331
#############################################################################
########################### Start Updating Element ##########################
#############################################################################
Type Table Name = DO_332158 DO_336775 DO_932783
DB UserName = CONTENT_20150330
#############################################################################
#############################################################################
###############UPDATE VIRTUALIZED REOUSRCE TYPE AS INTERNAL #################
#############################################################################

SQL*Plus: Release 11.2.0.2.0 Production on Tue Mar 31 15:11:14 2015

Copyright (c) 1982, 2010, Oracle.  All rights reserved.


Connected to:
Oracle Database 11g Enterprise Edition Release 11.2.0.2.0 - 64bit Production
With the Partitioning, OLAP, Data Mining and Real Application Testing options

SQL> SQL> SQL> SQL> SQL>   2    3    4
0 rows updated.

SQL>
Commit complete.

SQL> SQL> Disconnected from Oracle Database 11g Enterprise Edition Release 11.2.0.2.0 - 64bit Production
With the Partitioning, OLAP, Data Mining and Real Application Testing options
#############################################################################
###############UPDATE VIRTUALIZED REOUSRCE TYPE AS outdated #################
#############################################################################

SQL*Plus: Release 11.2.0.2.0 Production on Tue Mar 31 15:11:14 2015

Copyright (c) 1982, 2010, Oracle.  All rights reserved.


Connected to:
Oracle Database 11g Enterprise Edition Release 11.2.0.2.0 - 64bit Production
With the Partitioning, OLAP, Data Mining and Real Application Testing options

SQL>   2    3    4    5
0 rows updated.

SQL> Disconnected from Oracle Database 11g Enterprise Edition Release 11.2.0.2.0 - 64bit Production
With the Partitioning, OLAP, Data Mining and Real Application Testing options
################################################################################
############### CHECK FOR TYPE THAT HAS NOT BEEN LINKED ########################
################################################################################

SQL*Plus: Release 11.2.0.2.0 Production on Tue Mar 31 15:11:14 2015

Copyright (c) 1982, 2010, Oracle.  All rights reserved.


Connected to:
Oracle Database 11g Enterprise Edition Release 11.2.0.2.0 - 64bit Production
With the Partitioning, OLAP, Data Mining and Real Application Testing options

SQL> SQL> SQL> SQL> SQL>   2    3    4    5    6    7
no rows selected

SQL> SQL> Disconnected from Oracle Database 11g Enterprise Edition Release 11.2.0.2.0 - 64bit Production
With the Partitioning, OLAP, Data Mining and Real Application Testing options
##############################################################################
############### footprint type function to 'internal' ########################
##############################################################################

SQL*Plus: Release 11.2.0.2.0 Production on Tue Mar 31 15:11:14 2015

Copyright (c) 1982, 2010, Oracle.  All rights reserved.


Connected to:
Oracle Database 11g Enterprise Edition Release 11.2.0.2.0 - 64bit Production
With the Partitioning, OLAP, Data Mining and Real Application Testing options

SQL> SQL> SQL> SQL> SQL>
0 rows updated.

SQL>
Commit complete.

SQL> SQL> Disconnected from Oracle Database 11g Enterprise Edition Release 11.2.0.2.0 - 64bit Production
With the Partitioning, OLAP, Data Mining and Real Application Testing options
##############################################################################
######## check for types linked to more than one product #####################
##############################################################################

SQL*Plus: Release 11.2.0.2.0 Production on Tue Mar 31 15:11:15 2015

Copyright (c) 1982, 2010, Oracle.  All rights reserved.


Connected to:
Oracle Database 11g Enterprise Edition Release 11.2.0.2.0 - 64bit Production
With the Partitioning, OLAP, Data Mining and Real Application Testing options

SQL> SQL> SQL> SQL> SQL>   2    3    4    5
FULL_NAME
----------------------------------------------------------------------------------------------------------------------------------------------------------------------------------------------------------------------------------------------------------------------------------------------------------------------------------------------------------------------------------------------------------------------------------------------------------------------------------------------------------------------------------------------------------------------------------------------------------------------------------------------------------------------------------------------------------------------------------------------------------------------------------------------------------------------------------------------------------------------------------------------------------------------------------------------------------------------------------------------------------------------------------------------------------------
root.types.resource.software.application.Merkur.eMule
root.types.resource.software.application.Sun.SeeBeyond.UNIX_eGateIntegrator
root.types.resource.software.application.Sun.SeeBeyond.eGateIntegrator

SQL> SQL> Disconnected from Oracle Database 11g Enterprise Edition Release 11.2.0.2.0 - 64bit Production
With the Partitioning, OLAP, Data Mining and Real Application Testing options
##############################################################################
######## check for all types that are not mapped   ###########################
##############################################################################

SQL*Plus: Release 11.2.0.2.0 Production on Tue Mar 31 15:11:15 2015

Copyright (c) 1982, 2010, Oracle.  All rights reserved.


Connected to:
Oracle Database 11g Enterprise Edition Release 11.2.0.2.0 - 64bit Production
With the Partitioning, OLAP, Data Mining and Real Application Testing options

SQL> SQL> SQL> SQL> SQL>   2    3    4    5    6    7
no rows selected

SQL> SQL> Disconnected from Oracle Database 11g Enterprise Edition Release 11.2.0.2.0 - 64bit Production
With the Partitioning, OLAP, Data Mining and Real Application Testing options
##############################################################################
######## add the mapping entries for the new types ###########################
##############################################################################

SQL*Plus: Release 11.2.0.2.0 Production on Tue Mar 31 15:11:15 2015

Copyright (c) 1982, 2010, Oracle.  All rights reserved.


Connected to:
Oracle Database 11g Enterprise Edition Release 11.2.0.2.0 - 64bit Production
With the Partitioning, OLAP, Data Mining and Real Application Testing options

SQL> SQL> SQL> SQL> SQL>   2    3    4    5    6    7    8    9   10   11   12   13   14   15   16   17   18   19   20   21   22   23   24   25   26   27   28   29   30   31
0 rows created.

SQL>
Commit complete.

SQL> SQL> Disconnected from Oracle Database 11g Enterprise Edition Release 11.2.0.2.0 - 64bit Production
With the Partitioning, OLAP, Data Mining and Real Application Testing options
##############################################################################
############################## add null rows  ################################
##############################################################################

SQL*Plus: Release 11.2.0.2.0 Production on Tue Mar 31 15:11:15 2015

Copyright (c) 1982, 2010, Oracle.  All rights reserved.


Connected to:
Oracle Database 11g Enterprise Edition Release 11.2.0.2.0 - 64bit Production
With the Partitioning, OLAP, Data Mining and Real Application Testing options

SQL> SQL> SQL> SQL> SQL>   2    3    4    5    6    7    8    9   10   11   12   13   14   15   16   17   18   19   20   21   22   23   24   25   26   27   28   29   30   31   32   33   34   35   36   37   38   39   40   41   42   43   44   45   46   47   48   49   50   51
0 rows created.

SQL>
Commit complete.

SQL> Disconnected from Oracle Database 11g Enterprise Edition Release 11.2.0.2.0 - 64bit Production
With the Partitioning, OLAP, Data Mining and Real Application Testing options
##############################################################################
####################### set FP type to internal  #############################
##############################################################################

SQL*Plus: Release 11.2.0.2.0 Production on Tue Mar 31 15:11:16 2015

Copyright (c) 1982, 2010, Oracle.  All rights reserved.


Connected to:
Oracle Database 11g Enterprise Edition Release 11.2.0.2.0 - 64bit Production
With the Partitioning, OLAP, Data Mining and Real Application Testing options

SQL> SQL> SQL> SQL> SQL>   2    3
0 rows updated.

SQL>
Commit complete.

SQL> Disconnected from Oracle Database 11g Enterprise Edition Release 11.2.0.2.0 - 64bit Production
With the Partitioning, OLAP, Data Mining and Real Application Testing options
##############################################################################
############################ Generate Reports ################################
##############################################################################
######################## Done.  ########################################
[Tue Mar 31 15:11:16 HKT 2015] Element data imported successfully
[Tue Mar 31 15:11:16 HKT 2015] Loading CPU discovery data.
Data File: /home/prod/backup/smoketest/20150331/cpuData_latest.dmp
################################################################################
################## Drop existing discovered data table #######################
################################################################################

SQL*Plus: Release 11.2.0.2.0 Production on Tue Mar 31 15:11:17 2015

Copyright (c) 1982, 2010, Oracle.  All rights reserved.


Connected to:
Oracle Database 11g Enterprise Edition Release 11.2.0.2.0 - 64bit Production
With the Partitioning, OLAP, Data Mining and Real Application Testing options

SQL> SQL> SQL> SQL> SQL> SQL> SQL> SQL>   2    3    4    5    6    7    8    9   10   11   12   13
PL/SQL procedure successfully completed.

SQL> SQL> Disconnected from Oracle Database 11g Enterprise Edition Release 11.2.0.2.0 - 64bit Production
With the Partitioning, OLAP, Data Mining and Real Application Testing options
################################################################################
################## Import new Discovered data  #################################
###############################################################################

Import: Release 11.2.0.2.0 - Production on Tue Mar 31 15:11:17 2015

Copyright (c) 1982, 2009, Oracle and/or its affiliates.  All rights reserved.


Connected to: Oracle Database 11g Enterprise Edition Release 11.2.0.2.0 - 64bit Production
With the Partitioning, OLAP, Data Mining and Real Application Testing options

Export file created by EXPORT:V11.02.00 via conventional path

Warning: the objects were exported by VMST9102_BDNA_770_20, not by you

import done in AL32UTF8 character set and AL16UTF16 NCHAR character set
. importing VMST9102_BDNA_770_20's objects into CDB_ARCHIVE
. . importing table        "CONTENT_CPU_DISC_DATA"          0 rows imported
Import terminated successfully without warnings.
grep: import_cpu_2015_03_31_15_11.log: No such file or directory
LoadDiscoveredCPUData.sh: line 90: [: -eq: unary operator expected
################################################################################
################## Load/Re-Load CPU Loading Library ############################
###############################################################################

SQL*Plus: Release 11.2.0.2.0 Production on Tue Mar 31 15:11:17 2015

Copyright (c) 1982, 2010, Oracle.  All rights reserved.


Connected to:
Oracle Database 11g Enterprise Edition Release 11.2.0.2.0 - 64bit Production
With the Partitioning, OLAP, Data Mining and Real Application Testing options

SQL> SQL> SQL> SQL> SQL>
SQL> extract cpu and hardware device data
SQL>
SQL> SQL> SQL> SQL> SQL>   2    3    4    5    6    7    8    9   10   11   12   13   14   15   16   17   18   19   20   21   22   23   24   25   26   27   28   29   30   31   32   33   34   35   36   37   38   39   40   41   42   43   44   45   46   47   48   49   50   51   52   53   54   55   56   57   58   59   60   61   62   63   64   65   66   67   68   69   70   71   72   73   74   75   76   77   78   79   80   81   82   83   84   85
Package created.

SQL> No errors.
SQL> SQL> SQL> SQL>   2    3    4    5    6    7    8    9   10   11   12   13   14   15   16   17   18   19   20   21   22   23   24   25   26   27   28   29   30   31   32   33   34   35   36   37   38   39   40   41   42   43   44   45   46   47   48   49   50   51   52   53   54   55   56   57   58   59   60   61   62   63   64   65   66   67   68   69   70   71   72   73   74   75   76   77   78   79   80   81   82   83   84   85   86   87   88   89   90   91   92   93   94   95   96   97   98   99  100  101  102  103  104  105  106  107  108  109  110  111  112  113  114  115  116  117  118  119  120  121  122  123  124  125  126  127  128  129  130  131  132  133  134  135  136  137  138  139  140  141  142  143  144  145  146  147  148  149  150  151  152  153  154  155  156  157  158  159  160  161  162  163  164  165  166  167  168  169  170  171  172  173  174  175  176  177  178  179  180  181  182  183  184  185  186  187  188  189  190  191  192  193  194  195  196  197  198  199  200  201  202  203  204  205  206  207  208  209  210  211  212  213  214  215  216  217  218  219  220  221  222  223  224  225  226  227  228  229  230  231  232  233  234  235  236  237  238  239  240  241  242  243  244  245  246  247  248  249  250  251  252  253  254  255  256  257  258  259  260  261  262  263  264  265  266  267  268  269  270  271  272  273  274  275  276  277  278  279  280  281  282  283  284  285  286  287  288  289  290  291  292  293  294  295  296  297  298  299  300  301  302  303  304  305  306  307  308  309  310  311  312  313  314  315  316  317  318  319  320  321  322  323  324  325  326  327  328  329  330  331  332  333  334  335  336  337  338  339  340  341  342  343  344  345  346  347  348  349  350  351  352  353  354  355  356  357  358  359  360  361  362  363  364  365  366  367  368  369  370  371  372  373  374  375  376  377  378  379  380  381  382  383  384  385  386  387  388  389  390  391  392  393  394  395  396  397  398  399  400  401  402  403  404  405  406  407  408  409  410  411  412  413  414  415  416  417  418  419  420  421  422  423  424  425  426  427  428  429  430  431  432  433  434  435  436  437  438  439  440  441  442  443  444  445  446  447  448  449  450  451  452  453  454  455  456  457  458  459  460  461  462  463  464  465  466  467  468  469  470  471  472  473  474  475  476  477  478  479  480  481  482  483  484  485  486  487  488  489  490  491  492  493  494  495  496  497  498  499  500  501  502  503  504  505  506  507  508  509  510  511  512  513  514  515  516  517  518  519  520  521  522  523  524  525  526  527  528  529  530  531  532  533  534  535  536  537  538  539  540  541  542  543  544  545  546  547  548  549  550  551  552  553  554  555  556  557  558  559  560  561  562  563  564  565  566  567  568  569  570  571  572  573  574  575  576  577  578  579  580  581  582  583  584  585  586  587  588  589  590  591  592  593  594  595  596  597  598  599  600  601  602  603  604  605  606  607  608  609  610  611  612  613  614  615  616  617  618  619  620  621  622  623  624  625  626  627  628  629  630  631  632  633  634  635  636  637  638  639  640  641  642  643  644  645  646  647  648  649  650  651  652  653  654  655  656  657  658  659  660  661  662  663  664  665  666  667  668  669  670  671  672  673  674  675  676  677  678  679  680  681  682  683  684  685  686  687  688  689  690  691  692  693  694  695  696  697  698  699  700  701  702  703  704  705  706  707  708  709  710  711  712  713  714  715  716  717  718  719  720  721  722  723  724  725  726  727  728  729  730  731  732  733  734  735  736  737  738  739  740  741  742  743  744  745  746  747  748  749  750  751  752  753  754  755  756  757  758  759  760  761  762  763  764  765  766  767  768  769  770  771  772  773  774  775  776  777  778  779  780  781  782  783  784  785  786  787  788  789  790  791  792  793  794  795  796  797  798  799  800  801  802  803  804  805  806  807  808  809  810  811  812  813  814  815  816  817  818  819  820  821  822  823  824  825  826  827  828  829  830  831  832  833  834  835  836  837  838  839  840  841  842  843  844  845  846  847  848  849  850  851  852  853  854  855  856  857  858  859  860  861  862  863  864  865  866  867  868  869  870  871  872  873  874  875  876  877  878  879  880  881  882  883  884  885  886  887  888  889  890  891  892  893  894  895  896  897  898  899  900  901  902  903  904  905  906  907  908  909  910  911  912  913  914  915  916  917  918  919  920  921  922  923  924  925  926  927  928  929  930  931  932  933  934  935  936  937  938  939  940  941  942  943  944  945  946  947  948  949  950  951  952  953  954  955  956  957  958  959  960  961  962  963  964  965  966  967  968  969  970  971  972  973  974  975  976  977  978  979  980  981  982  983  984  985  986  987  988  989  990  991  992  993  994  995  996  997  998  999  1000  1001  1002  1003  1004  1005  1006  1007  1008  1009  1010  1011  1012  1013  1014  1015  1016  1017  1018  1019
Package body created.

SQL> No errors.
SQL> SQL> Disconnected from Oracle Database 11g Enterprise Edition Release 11.2.0.2.0 - 64bit Production
With the Partitioning, OLAP, Data Mining and Real Application Testing options
################################################################################
################## Parse CPU UDT into disc_cpu table ###########################
################################################################################

SQL*Plus: Release 11.2.0.2.0 Production on Tue Mar 31 15:11:18 2015

Copyright (c) 1982, 2010, Oracle.  All rights reserved.


Connected to:
Oracle Database 11g Enterprise Edition Release 11.2.0.2.0 - 64bit Production
With the Partitioning, OLAP, Data Mining and Real Application Testing options

SQL> SQL> SQL> SQL> SQL> SP2-0311: string expected but not found
SQL> SQL> SQL>   2    3    4    5    6    7    8    9   10   11   12   13   14   15   16   17   18   19   20   21   22   23   24   25   26   27   28   29   30   31   32   33   34   35   36   37   38   39   40   41   42   43  DROP TABLE BDNA_CONTENT_CPU_TEMP
create table BDNA_CONTENT_CPU_TEMP as select * from CONTENT_CPU_DISC_DATA
delete from CONTENT_CPU_DISC_DATA
insert into CONTENT_CPU_DISC_DATA (script_version, datatype, element_full_name, mfc, hardware, cpu)
           select script_version, datatype, element_full_name, mfc, hardware, cpu ||'<BDNA,1>hardware='||hardware cpu from BDNA_CONTENT_CPU_TEMP

PL/SQL procedure successfully completed.

SQL> SQL>
Commit complete.

SQL> SQL> drop table disc_cpu
           *
ERROR at line 1:
ORA-00942: table or view does not exist


SQL> SQL> BEGIN content_UDT.createTable( 'cpu', 'cpu', 'disc_cpu', '<BDNA,>', '<BDNA,1>' ); END;

*
ERROR at line 1:
ORA-00904: : invalid identifier
ORA-06512: at "CDB_ARCHIVE.CONTENT_UDT", line 161
ORA-06512: at line 1


SQL>
PL/SQL procedure successfully completed.

SQL>
Commit complete.

SQL> update disc_cpu set bits='32' where bits='''32'
       *
ERROR at line 1:
ORA-00942: table or view does not exist


SQL>
Commit complete.

SQL> SQL> update disc_cpu set bits='64' where bits='''64'
       *
ERROR at line 1:
ORA-00942: table or view does not exist


SQL>
Commit complete.

SQL> SQL> SQL> Disconnected from Oracle Database 11g Enterprise Edition Release 11.2.0.2.0 - 64bit Production
With the Partitioning, OLAP, Data Mining and Real Application Testing options
################################################################################
################## Add the data to all discovered CPU data table ###############
################################################################################
################################################################################
################## update disc CPU table  ######################################
################################################################################

SQL*Plus: Release 11.2.0.2.0 Production on Tue Mar 31 15:11:18 2015

Copyright (c) 1982, 2010, Oracle.  All rights reserved.


Connected to:
Oracle Database 11g Enterprise Edition Release 11.2.0.2.0 - 64bit Production
With the Partitioning, OLAP, Data Mining and Real Application Testing options

SQL> SQL> SQL> SQL> SQL> update cdb_archive.all_disc_cpu set bits='32' where bits='''32'
                   *
ERROR at line 1:
ORA-00942: table or view does not exist


SQL>
Commit complete.

SQL> SQL> update cdb_archive.all_disc_cpu set bits='64' where bits='''64'
                   *
ERROR at line 1:
ORA-00942: table or view does not exist


SQL>
Commit complete.

SQL> SQL>
0 rows updated.

SQL>
Commit complete.

SQL> SQL>
0 rows updated.

SQL>
Commit complete.

SQL> SQL>   2    3    4    5    6    7    8    9   10   11   12   13   14   15        from  cdb_archive.all_disc_cpu d
                        *
ERROR at line 7:
ORA-00942: table or view does not exist


SQL>
Commit complete.

SQL> SQL>   2    3    from cdb_archive.disc_cpu
                   *
ERROR at line 3:
ORA-00942: table or view does not exist


SQL>
Commit complete.

SQL> SQL> Disconnected from Oracle Database 11g Enterprise Edition Release 11.2.0.2.0 - 64bit Production
With the Partitioning, OLAP, Data Mining and Real Application Testing options
################################################################################
################## update disc CPU table  ######################################
################################################################################

SQL*Plus: Release 11.2.0.2.0 Production on Tue Mar 31 15:11:28 2015

Copyright (c) 1982, 2010, Oracle.  All rights reserved.


Connected to:
Oracle Database 11g Enterprise Edition Release 11.2.0.2.0 - 64bit Production
With the Partitioning, OLAP, Data Mining and Real Application Testing options

SQL> SQL> SQL> SQL> SQL>   2    3    4    5    6    7    8    9   10   11   12   13   14   15   16   17   18   from cdb_archive.all_disc_cpu cpu
                  *
ERROR at line 7:
ORA-00942: table or view does not exist


SQL>
Commit complete.

SQL> SQL> SQL> Disconnected from Oracle Database 11g Enterprise Edition Release 11.2.0.2.0 - 64bit Production
With the Partitioning, OLAP, Data Mining and Real Application Testing options
################################################################################
############################# Generate Report      #############################
################################################################################
[Tue Mar 31 15:11:28 HKT 2015] CPU discovery data imported successfully
[Tue Mar 31 15:11:28 HKT 2015] Loading HW/SW discovery data.
Data File: /home/prod/backup/smoketest/20150331/hwswData_latest.dmp
################################################################################
################## Backup existing discovered data table #######################
################################################################################

SQL*Plus: Release 11.2.0.2.0 Production on Tue Mar 31 15:11:29 2015

Copyright (c) 1982, 2010, Oracle.  All rights reserved.


Connected to:
Oracle Database 11g Enterprise Edition Release 11.2.0.2.0 - 64bit Production
With the Partitioning, OLAP, Data Mining and Real Application Testing options

SQL> SQL> SQL> SQL> SQL> SQL> SQL> SQL>   2    3    4    5    6    7    8    9   10   11   12   13   14   15   16   17
PL/SQL procedure successfully completed.

SQL> Disconnected from Oracle Database 11g Enterprise Edition Release 11.2.0.2.0 - 64bit Production
With the Partitioning, OLAP, Data Mining and Real Application Testing options
################################################################################
################## Import new Discovered data  #################################
###############################################################################

Import: Release 11.2.0.2.0 - Production on Tue Mar 31 15:11:29 2015

Copyright (c) 1982, 2009, Oracle and/or its affiliates.  All rights reserved.


Connected to: Oracle Database 11g Enterprise Edition Release 11.2.0.2.0 - 64bit Production
With the Partitioning, OLAP, Data Mining and Real Application Testing options

Export file created by EXPORT:V11.02.00 via conventional path

Warning: the objects were exported by VMST9102_BDNA_770_20, not by you

import done in AL32UTF8 character set and AL16UTF16 NCHAR character set
. importing VMST9102_BDNA_770_20's objects into CDB_ARCHIVE
. . importing table            "CONTENT_DISC_DATA"       1680 rows imported
Import terminated successfully without warnings.
################################################################################
################## Add the data to the table of all discovered hardware ########
################################################################################

SQL*Plus: Release 11.2.0.2.0 Production on Tue Mar 31 15:11:29 2015

Copyright (c) 1982, 2010, Oracle.  All rights reserved.


Connected to:
Oracle Database 11g Enterprise Edition Release 11.2.0.2.0 - 64bit Production
With the Partitioning, OLAP, Data Mining and Real Application Testing options

SQL> SQL> SQL> SQL> SQL> SQL> SQL>   2    3    4    5    6    7    8    9   10   11   12   13   14   15   16   17   18   19   20   21  declare
*
ERROR at line 1:
ORA-00942: table or view does not exist
ORA-06512: at line 17


SQL> SQL> SQL> Disconnected from Oracle Database 11g Enterprise Edition Release 11.2.0.2.0 - 64bit Production
With the Partitioning, OLAP, Data Mining and Real Application Testing options
################################################################################
########### Add the new hardware data into the discovered hardware table #######
################################################################################

SQL*Plus: Release 11.2.0.2.0 Production on Tue Mar 31 15:11:30 2015

Copyright (c) 1982, 2010, Oracle.  All rights reserved.


Connected to:
Oracle Database 11g Enterprise Edition Release 11.2.0.2.0 - 64bit Production
With the Partitioning, OLAP, Data Mining and Real Application Testing options

SQL> SQL> SQL> SQL> SQL>   2    3    4    5    6    7    8    9   10   11
0 rows created.

SQL>
Commit complete.

SQL> SQL> Disconnected from Oracle Database 11g Enterprise Edition Release 11.2.0.2.0 - 64bit Production
With the Partitioning, OLAP, Data Mining and Real Application Testing options
################################################################################
####### Add the new software data into the all discovered software table #######
################################################################################

SQL*Plus: Release 11.2.0.2.0 Production on Tue Mar 31 15:11:31 2015

Copyright (c) 1982, 2010, Oracle.  All rights reserved.


Connected to:
Oracle Database 11g Enterprise Edition Release 11.2.0.2.0 - 64bit Production
With the Partitioning, OLAP, Data Mining and Real Application Testing options

SQL> SQL> SQL> SQL> SQL> SQL> SQL>   2    3    4    5    6    7    8    9   10   11   12   13   14   15   16   17   18   19   20   21
PL/SQL procedure successfully completed.

SQL> SQL> SQL> Disconnected from Oracle Database 11g Enterprise Edition Release 11.2.0.2.0 - 64bit Production
With the Partitioning, OLAP, Data Mining and Real Application Testing options
################################################################################
########### Add the new software data into the discovered software table #######
################################################################################

SQL*Plus: Release 11.2.0.2.0 Production on Tue Mar 31 15:11:34 2015

Copyright (c) 1982, 2010, Oracle.  All rights reserved.


Connected to:
Oracle Database 11g Enterprise Edition Release 11.2.0.2.0 - 64bit Production
With the Partitioning, OLAP, Data Mining and Real Application Testing options

SQL> SQL> SQL> SQL> SQL>   2    3    4    5    6    7    8    9   10   11   12
0 rows created.

SQL>
Commit complete.

SQL> SQL> Disconnected from Oracle Database 11g Enterprise Edition Release 11.2.0.2.0 - 64bit Production
With the Partitioning, OLAP, Data Mining and Real Application Testing options
################################################################################
############################# auto-map new entries #############################
################################################################################

SQL*Plus: Release 11.2.0.2.0 Production on Tue Mar 31 15:11:42 2015

Copyright (c) 1982, 2010, Oracle.  All rights reserved.


Connected to:
Oracle Database 11g Enterprise Edition Release 11.2.0.2.0 - 64bit Production
With the Partitioning, OLAP, Data Mining and Real Application Testing options

SQL> SQL> SQL> SQL> SQL> drop table cdb_archive.temp_prod_types
                       *
ERROR at line 1:
ORA-00942: table or view does not exist


SQL> SQL>   2    3    4    5    6    7    8    9   10   11   12   13   14   15   16   17   18   19      and  p.is_live = 1 and delete_flag is null
                           *
ERROR at line 11:
ORA-00918: column ambiguously defined


SQL> SQL>   2    3    4  SQL>   2    3  update discsw d set  d.orgs_rid = ( select tp.orgs_rid from cdb_archive.temp_prod_types tp where  d.full_name = tp.full_name )
                                                                        *
ERROR at line 1:
ORA-00942: table or view does not exist


SQL> SQL>   2    3    4    5    6    7    8    9   10   11   12   13   14   15   16   17   18   19   20   21   22   23   24   25
0 rows updated.

SQL> SQL>   2    3    4    5    6    7    8    9   10   11   12   13   14   15   16   17   18   19   20   21
0 rows updated.

SQL> SQL>
Commit complete.

SQL> SQL> Disconnected from Oracle Database 11g Enterprise Edition Release 11.2.0.2.0 - 64bit Production
With the Partitioning, OLAP, Data Mining and Real Application Testing options
################################################################################
############################# Generate Report      #############################
################################################################################
[Tue Mar 31 15:11:53 HKT 2015] HW/SW discovery data imported successfully
attaching file:  /home/prod/backup/smoketest/20150331/Report_New_Discovered_Data_Count.txt ( text/plain None )
attaching file:  /home/prod/backup/smoketest/20150331/Report_Type_Statistics_After_Upload.txt ( text/plain None )
sending email to: vivi_liu@bdna.com
sending email to: MiyaChen@bdna.com
sending email to: GaryZhou@bdna.com
sending email to: caceyli@bdna.com
[prod@stagingcn loadDiscoverData]$
[prod@stagingcn loadDiscoverData]$
[prod@stagingcn loadDiscoverData]$
[prod@stagingcn loadDiscoverData]$
[prod@stagingcn loadDiscoverData]$
[prod@stagingcn loadDiscoverData]$ less /home/prod/backup/smoketest/20150331/Report_Type_Statistics_After_Upload.txt
[prod@stagingcn loadDiscoverData]$ cat   /home/prod/backup/smoketest/20150331/Report_New_Discovered_Data_Count.txt
################################################################################
##################### Count New Discovered software data #######################
################################################################################

SQL*Plus: Release 11.2.0.2.0 Production on Tue Mar 31 15:11:49 2015

Copyright (c) 1982, 2010, Oracle.  All rights reserved.


Connected to:
Oracle Database 11g Enterprise Edition Release 11.2.0.2.0 - 64bit Production
With the Partitioning, OLAP, Data Mining and Real Application Testing options

SQL> SQL> SQL> SQL> SQL>
  COUNT(*)
----------
        36

SQL> Disconnected from Oracle Database 11g Enterprise Edition Release 11.2.0.2.0 - 64bit Production
With the Partitioning, OLAP, Data Mining and Real Application Testing options
################################################################################
##################### Count New Discovered hardware data #######################
################################################################################

SQL*Plus: Release 11.2.0.2.0 Production on Tue Mar 31 15:11:53 2015

Copyright (c) 1982, 2010, Oracle.  All rights reserved.


Connected to:
Oracle Database 11g Enterprise Edition Release 11.2.0.2.0 - 64bit Production
With the Partitioning, OLAP, Data Mining and Real Application Testing options

SQL> SQL> SQL> SQL> SQL>
  COUNT(*)
----------
         0

SQL> SQL> Disconnected from Oracle Database 11g Enterprise Edition Release 11.2.0.2.0 - 64bit Production
With the Partitioning, OLAP, Data Mining and Real Application Testing options
################################################################################
##################### Count New Discovered CPU data ############################
################################################################################

SQL*Plus: Release 11.2.0.2.0 Production on Tue Mar 31 15:11:53 2015

Copyright (c) 1982, 2010, Oracle.  All rights reserved.


Connected to:
Oracle Database 11g Enterprise Edition Release 11.2.0.2.0 - 64bit Production
With the Partitioning, OLAP, Data Mining and Real Application Testing options

SQL> SQL> SQL> SQL> SQL>
  COUNT(*)
----------
         0

SQL> SQL> Disconnected from Oracle Database 11g Enterprise Edition Release 11.2.0.2.0 - 64bit Production
With the Partitioning, OLAP, Data Mining and Real Application Testing options
[prod@stagingcn loadDiscoverData]$

[prod@stagingcn loadDiscoverData]$

[prod@stagingcn loadDiscoverData]$









用putty 登录 192.168.8.45 ，用户名是 prod 密码是 content4me 

去到 /home/prod/backup/loadDiscoverData/ 目录下 

运行 文件 ：
[prod@stagingcn loadDiscoverData]$ sh Smoke_test_data.sh -m "vivi_liu@bdna.com,MiyaChen@bdna.com,GaryZhou@bdna.com,caceyli@bdna.com"


然后等它完成，最后就查看 
/home/prod/backup/smoketest/20150331/Report_Type_Statistics_After_Upload.txt
/home/prod/backup/smoketest/20150331/Report_New_Discovered_Data_Count.txt
这两个文件相应的结果。




然后打开 8.45的 UI  查看

http://192.168.8.45:8000/cdb/login

用你自己的CDB的用户名和密码登录

然后可以查看导入的数据

导入element 到的是   CDB上的 BDNA Types 表
导入cpu data 到的是  CDB上的 CPU Discovered Data 表
导入hwsw data 到的是 CDB上的 Discovered Software Data 表

然后通知 Lijun 查看结果，就是Staging UI 上的这些表的数据要和 上面那两个文件的内容相符合。

